[demo.casethemes.net/aimo/our-projects-2/index.html]
[backblue.gif]
[fade.gif]
[index.html]
[demo.casethemes.net/aimo/wp-content/plugins/elementor/assets/lib/font-awesome/css/all.min52d5.css]
[demo.casethemes.net/aimo/wp-content/plugins/case-addons/assets/css/pxl-main-css.min8a54.css]
[demo.casethemes.net/aimo/wp-content/plugins/contact-form-7/includes/css/contact-form-7.min37ad.css]
[demo.casethemes.net/aimo/wp-content/plugins/envato-purchase-link/css/purchase-link-css.min8a54.css]
[demo.casethemes.net/aimo/wp-content/plugins/revslider/public/css/sr7css.min51c0.css]
[demo.casethemes.net/aimo/wp-content/plugins/woocommerce/assets/css/woocommerce-layout.minceb1.css]
[demo.casethemes.net/aimo/wp-content/plugins/woocommerce/assets/css/woocommerce-smallscreen.minceb1.css]
[demo.casethemes.net/aimo/wp-content/plugins/woocommerce/assets/css/woocommerce-general.minceb1.css]
[demo.casethemes.net/aimo/wp-content/plugins/elementor/assets/lib/eicons/css/elementor-icons.min444a.css]
[demo.casethemes.net/aimo/wp-content/uploads/elementor/css/custom-frontend.min8402.css]
[demo.casethemes.net/aimo/wp-content/plugins/elementor/assets/lib/swiper/v8/css/swiper.min94a4.css]
[demo.casethemes.net/aimo/wp-content/plugins/elementor/assets/css/conditionals/e-swiper.min18be.css]
[demo.casethemes.net/aimo/wp-content/uploads/elementor/css/post-78402.css]
[demo.casethemes.net/aimo/wp-content/uploads/elementor/css/post-1285e8c8.css]
[demo.casethemes.net/aimo/wp-content/uploads/elementor/css/post-19f105.css]
[demo.casethemes.net/aimo/wp-content/uploads/elementor/css/post-78f105.css]
[demo.casethemes.net/aimo/wp-content/uploads/elementor/css/post-1216e8c8.css]
[demo.casethemes.net/aimo/wp-content/uploads/elementor/css/post-634f105.css]
[demo.casethemes.net/aimo/wp-content/uploads/elementor/css/post-674f105.css]
[demo.casethemes.net/aimo/wp-content/uploads/elementor/css/post-1896f105.css]
[demo.casethemes.net/aimo/wp-content/uploads/elementor/css/post-1910f105.css]
[demo.casethemes.net/aimo/wp-content/uploads/elementor/css/post-2981f105.css]
[demo.casethemes.net/aimo/wp-content/uploads/elementor/css/post-3027f105.css]
[demo.casethemes.net/aimo/wp-content/uploads/elementor/css/post-3179f105.css]
[demo.casethemes.net/aimo/wp-content/uploads/elementor/css/post-3182f105.css]
[demo.casethemes.net/aimo/wp-content/uploads/elementor/css/post-5004f105.css]
[demo.casethemes.net/aimo/wp-content/uploads/elementor/css/post-5005f105.css]
[demo.casethemes.net/aimo/wp-content/uploads/elementor/css/post-51229d5d.css]
[demo.casethemes.net/aimo/wp-content/uploads/elementor/css/post-51249d5d.css]
[demo.casethemes.net/aimo/wp-content/uploads/elementor/css/post-114229d5d.css]
[demo.casethemes.net/aimo/wp-content/uploads/elementor/css/post-114289d5d.css]
[demo.casethemes.net/aimo/wp-content/uploads/elementor/css/post-49619d5d.css]
[demo.casethemes.net/aimo/wp-content/uploads/elementor/css/post-65389d5d.css]
[demo.casethemes.net/aimo/wp-content/uploads/elementor/css/post-84909d5d.css]
[demo.casethemes.net/aimo/wp-content/uploads/elementor/css/post-55419d5d.css]
[demo.casethemes.net/aimo/wp-content/themes/aimo/assets/css/libs/magnific-popup.minf488.css]
[demo.casethemes.net/aimo/wp-content/themes/aimo/assets/css/libs/animate.minf488.css]
[demo.casethemes.net/aimo/wp-content/themes/aimo/assets/fonts/flaticon/css/flaticon.min8a54.css]
[demo.casethemes.net/aimo/wp-content/themes/aimo/assets/css/pxl-caseicon.min8a54.css]
[demo.casethemes.net/aimo/wp-content/themes/aimo/assets/css/pxl-grid.min8a54.css]
[demo.casethemes.net/aimo/wp-content/themes/aimo/assets/css/pxl-style.min31c8.css]
[demo.casethemes.net/aimo/wp-content/plugins/elementor/assets/lib/font-awesome/css/fontawesome.min52d5.css]
[demo.casethemes.net/aimo/wp-content/plugins/elementor/assets/lib/font-awesome/css/brands.min52d5.css]
[demo.casethemes.net/aimo/wp-includes/js/jquery/jquery.minf43b.js]
[demo.casethemes.net/aimo/wp-includes/js/jquery/jquery-migrate.min5589.js]
[demo.casethemes.net/aimo/wp-content/plugins/case-addons/assets/js/libs/waypoints.minc1b4.js]
[demo.casethemes.net/aimo/wp-content/uploads/siteground-optimizer-assets/tp-tools.min51c0.js]
[demo.casethemes.net/aimo/wp-content/uploads/siteground-optimizer-assets/sr7.min51c0.js]
[demo.casethemes.net/aimo/wp-content/plugins/woocommerce/assets/js/jquery-blockui/jquery.blockUI.min6fb9.js]
[demo.casethemes.net/aimo/wp-content/plugins/woocommerce/assets/js/frontend/add-to-cart.minceb1.js]
[demo.casethemes.net/aimo/wp-content/plugins/woocommerce/assets/js/js-cookie/js.cookie.mine74b.js]
[demo.casethemes.net/aimo/wp-content/plugins/woocommerce/assets/js/frontend/woocommerce.minceb1.js]
[demo.casethemes.net/aimo/wp-content/plugins/case-addons/assets/js/libs/isotope.pkgd.min7c45.js]
[demo.casethemes.net/aimo/wp-content/uploads/2024/09/logo.png]
[demo.casethemes.net/aimo/our-projects-2/revslider/revslider.php]
[demo.casethemes.net/aimo/our-projects-2/${e1d2c]
[demo.casethemes.net/aimo/wp-content/themes/aimo/assets/img/logo.png]
[demo.casethemes.net/aimo/wp-content/themes/aimo/assets/img/logo-light.png]
[demo.casethemes.net/aimo/wp-content/uploads/2024/08/clap.png]
[demo.casethemes.net/aimo/wp-content/plugins/woocommerce/assets/client/blocks/wc-blocks7a01.css]
[demo.casethemes.net/aimo/wp-content/uploads/elementor/css/post-45709d5d.css]
[demo.casethemes.net/aimo/wp-content/uploads/siteground-optimizer-assets/pxl-core-main.min8a54.js]
[demo.casethemes.net/aimo/wp-content/plugins/case-user/style/js/notify.min8a54.js]
[demo.casethemes.net/aimo/wp-content/plugins/case-user/style/js/remodal.min8a54.js]
[demo.casethemes.net/aimo/wp-content/uploads/siteground-optimizer-assets/pxl-user-form.min8a54.js]
[demo.casethemes.net/aimo/wp-includes/js/dist/hooks.min4fdd.js]
[demo.casethemes.net/aimo/wp-includes/js/dist/i18n.minc33c.js]
[demo.casethemes.net/aimo/wp-content/uploads/siteground-optimizer-assets/swv.min37ad.js]
[demo.casethemes.net/aimo/wp-content/uploads/siteground-optimizer-assets/contact-form-7.min37ad.js]
[demo.casethemes.net/aimo/wp-includes/js/imagesloaded.minbb93.js]
[demo.casethemes.net/aimo/wp-content/uploads/siteground-optimizer-assets/Snap.svg.min31ec.js]
[demo.casethemes.net/aimo/wp-content/uploads/siteground-optimizer-assets/pxl-post-grid.min8a54.js]
[demo.casethemes.net/aimo/wp-content/uploads/siteground-optimizer-assets/aimo-elementor.min8a54.js]
[demo.casethemes.net/aimo/wp-content/themes/aimo/assets/js/libs/magnific-popup.minf488.js]
[demo.casethemes.net/aimo/wp-content/themes/aimo/assets/js/libs/wow.min8a54.js]
[demo.casethemes.net/aimo/wp-content/themes/aimo/assets/js/libs/nice-select.mindc98.js]
[demo.casethemes.net/aimo/wp-content/uploads/siteground-optimizer-assets/jquery-riple.mindc98.js]
[demo.casethemes.net/aimo/wp-content/themes/aimo/assets/js/libs/gsap.min3b71.js]
[demo.casethemes.net/aimo/wp-content/uploads/siteground-optimizer-assets/splittext.mindc98.js]
[demo.casethemes.net/aimo/wp-content/themes/aimo/assets/js/libs/modernizr.mindc98.js]
[demo.casethemes.net/aimo/wp-content/themes/aimo/assets/js/libs/slick.minf488.js]
[demo.casethemes.net/aimo/wp-content/themes/aimo/assets/js/libs/ScrollToPlugin.min03ec.js]
[demo.casethemes.net/aimo/wp-content/themes/aimo/assets/js/libs/InertiaPlugin.min03ec.js]
[demo.casethemes.net/aimo/wp-content/themes/aimo/assets/js/libs/Draggable.min03ec.js]
[demo.casethemes.net/aimo/wp-content/uploads/siteground-optimizer-assets/pxl-parallax-background.min8a54.js]
[demo.casethemes.net/aimo/wp-content/uploads/siteground-optimizer-assets/pxl-parallax-scroll.min8a54.js]
[demo.casethemes.net/aimo/wp-content/uploads/siteground-optimizer-assets/pxl-woocommerce.min8a54.js]
[demo.casethemes.net/aimo/wp-content/uploads/siteground-optimizer-assets/scroll-trigger.min8a54.js]
[demo.casethemes.net/aimo/wp-content/themes/aimo/assets/js/libs/curtains.min8a54.js]
[demo.casethemes.net/aimo/wp-content/uploads/siteground-optimizer-assets/pxl-main.min8a54.js]
[demo.casethemes.net/aimo/wp-content/plugins/woocommerce/assets/js/sourcebuster/sourcebuster.minceb1.js]
[demo.casethemes.net/aimo/wp-content/plugins/woocommerce/assets/js/frontend/order-attribution.minceb1.js]
[demo.casethemes.net/aimo/wp-content/themes/aimo/assets/js/libs/scroll-trigger2039.js]
[demo.casethemes.net/aimo/wp-content/themes/aimo/assets/js/libs/split-texta7a0.js]
[demo.casethemes.net/aimo/wp-content/themes/aimo/assets/js/libs/cursor8a54.js]
[demo.casethemes.net/aimo/wp-content/themes/aimo/assets/js/libs/cookie330a.js]
[demo.casethemes.net/aimo/wp-content/plugins/elementor/assets/js/webpack.runtime.min18be.js]
[demo.casethemes.net/aimo/wp-content/plugins/elementor/assets/js/frontend-modules.min18be.js]
[demo.casethemes.net/aimo/wp-includes/js/jquery/ui/core.minb37e.js]
[demo.casethemes.net/aimo/our-projects-2/index.html]
[demo.casethemes.net/aimo/wp-content/plugins/elementor/assets/lib/font-awesome/css/all.min52d5.css]
[demo.casethemes.net/aimo/wp-content/plugins/case-addons/assets/css/pxl-main-css.min8a54.css]
[demo.casethemes.net/aimo/wp-content/plugins/contact-form-7/includes/css/contact-form-7.min37ad.css]
[demo.casethemes.net/aimo/wp-content/plugins/elementor/assets/js/frontend.min18be.js]
[demo.casethemes.net/aimo/wp-content/plugins/envato-purchase-link/img/icon-envato.png]
[demo.casethemes.net/aimo/wp-content/plugins/envato-purchase-link/css/purchase-link-css.min8a54.css]
[demo.casethemes.net/aimo/wp-content/plugins/revslider/public/css/sr7css.min51c0.css]
[demo.casethemes.net/aimo/wp-content/plugins/woocommerce/assets/css/woocommerce-layout.minceb1.css]
[demo.casethemes.net/aimo/wp-content/plugins/woocommerce/assets/css/woocommerce-smallscreen.minceb1.css]
[demo.casethemes.net/aimo/wp-content/plugins/woocommerce/assets/css/woocommerce-general.minceb1.css]
[demo.casethemes.net/aimo/wp-content/plugins/elementor/assets/lib/eicons/css/elementor-icons.min444a.css]
[demo.casethemes.net/aimo/wp-content/uploads/elementor/css/custom-frontend.min8402.css]
[demo.casethemes.net/aimo/wp-content/plugins/elementor/assets/lib/swiper/v8/css/swiper.min94a4.css]
[demo.casethemes.net/aimo/wp-content/plugins/elementor/assets/css/conditionals/e-swiper.min18be.css]
[demo.casethemes.net/aimo/wp-content/uploads/elementor/css/post-78402.css]
[demo.casethemes.net/aimo/wp-content/uploads/elementor/css/post-1285e8c8.css]
[demo.casethemes.net/aimo/wp-content/uploads/elementor/css/post-19f105.css]
[demo.casethemes.net/aimo/wp-content/uploads/2024/08/bg-ft-main.jpg]
[demo.casethemes.net/aimo/wp-content/uploads/elementor/css/post-78f105.css]
[demo.casethemes.net/aimo/wp-content/uploads/elementor/css/post-1216e8c8.css]
[demo.casethemes.net/aimo/wp-content/uploads/elementor/css/post-634f105.css]
[demo.casethemes.net/aimo/wp-content/uploads/elementor/css/post-674f105.css]
[demo.casethemes.net/aimo/wp-content/uploads/elementor/css/post-1896f105.css]
[demo.casethemes.net/aimo/wp-content/uploads/elementor/css/post-1910f105.css]
[demo.casethemes.net/aimo/wp-content/uploads/elementor/css/post-2981f105.css]
[demo.casethemes.net/aimo/wp-content/uploads/elementor/css/post-3027f105.css]
[demo.casethemes.net/aimo/wp-content/uploads/elementor/css/post-3179f105.css]
[demo.casethemes.net/aimo/wp-content/uploads/elementor/css/post-3182f105.css]
[demo.casethemes.net/aimo/wp-content/uploads/elementor/css/post-5004f105.css]
[demo.casethemes.net/aimo/wp-content/uploads/elementor/css/post-5005f105.css]
[demo.casethemes.net/aimo/wp-content/uploads/elementor/css/post-51229d5d.css]
[demo.casethemes.net/aimo/wp-content/uploads/elementor/css/post-51249d5d.css]
[demo.casethemes.net/aimo/wp-content/uploads/elementor/css/post-114229d5d.css]
[demo.casethemes.net/aimo/wp-content/uploads/elementor/css/post-114289d5d.css]
[demo.casethemes.net/aimo/wp-content/uploads/elementor/css/post-49619d5d.css]
[demo.casethemes.net/aimo/wp-content/uploads/elementor/css/post-65389d5d.css]
[demo.casethemes.net/aimo/wp-content/uploads/elementor/css/post-84909d5d.css]
[demo.casethemes.net/aimo/wp-content/uploads/elementor/css/post-55419d5d.css]
[demo.casethemes.net/aimo/wp-content/themes/aimo/assets/css/libs/magnific-popup.minf488.css]
[demo.casethemes.net/aimo/wp-content/themes/aimo/assets/css/libs/animate.minf488.css]
[demo.casethemes.net/aimo/wp-content/themes/aimo/assets/fonts/flaticon/css/flaticon.min8a54.css]
[demo.casethemes.net/aimo/wp-content/themes/aimo/assets/css/pxl-caseicon.min8a54.css]
[demo.casethemes.net/aimo/wp-content/themes/aimo/assets/css/pxl-grid.min8a54.css]
[demo.casethemes.net/aimo/wp-content/themes/aimo/assets/img/Group-3.png]
[demo.casethemes.net/aimo/wp-content/themes/aimo/assets/img/Group-4.png]
[demo.casethemes.net/aimo/wp-content/themes/aimo/assets/img/user-feedback.jpg]
[demo.casethemes.net/aimo/wp-content/themes/aimo/assets/img/sparkle.png]
[demo.casethemes.net/aimo/wp-content/themes/aimo/assets/img/Layer-3.png]
[demo.casethemes.net/aimo/wp-content/themes/aimo/assets/img/sparkle-4.png]
[demo.casethemes.net/aimo/wp-content/themes/aimo/assets/img/arrow-1.png]
[demo.casethemes.net/aimo/wp-content/themes/aimo/assets/img/layer-border.png]
[demo.casethemes.net/aimo/wp-content/themes/aimo/assets/img/Union1.png]
[demo.casethemes.net/aimo/wp-content/themes/aimo/assets/img/Layer-19.png]
[demo.casethemes.net/aimo/wp-content/themes/aimo/assets/img/union-slide.png]
[demo.casethemes.net/aimo/wp-content/themes/aimo/assets/css/pxl-style.min31c8.css]
[demo.casethemes.net/aimo/wp-content/themes/aimo/pxl-base.min8a54.css]
[demo.casethemes.net/aimo/wp-content/plugins/elementor/assets/lib/font-awesome/css/fontawesome.min52d5.css]
[demo.casethemes.net/aimo/wp-content/plugins/elementor/assets/lib/font-awesome/css/brands.min52d5.css]
[demo.casethemes.net/aimo/our-projects-2/revslider/revslider.html]
[demo.casethemes.net/aimo/our-projects-2/${e1d2c.html]
[demo.casethemes.net/aimo/wp-content/plugins/woocommerce/assets/client/blocks/wc-blocks7a01.css]
[demo.casethemes.net/aimo/wp-content/uploads/2024/08/bg-header-sg-blg.jpg]
[demo.casethemes.net/aimo/wp-content/uploads/elementor/css/post-45709d5d.css]
